2026-08-02 11:06:00 ERROR: no tmux session/pane matching 'remote1'. List with: tmux ls
2026-08-02 11:06:12 Attached (read/inject mode) to existing session: remote1
2026-08-02 11:06:31 Sending: echo "=== HELLO option running against 127.0.0.1:22 ==="
2026-08-02 11:06:31 Command finished (exit unknown)
2026-08-02 11:06:31 Sending: whoami
2026-08-02 11:06:32 Command finished (exit unknown)
2026-08-02 11:06:32 Sending: hostname
2026-08-02 11:06:32 Command finished (exit unknown)
2026-08-02 11:06:32 Sending: ping -c 2 127.0.0.1
2026-08-02 11:06:32 Command finished (exit unknown)
2026-08-02 11:06:32 Sending: nc -zv 127.0.0.1 22
2026-08-02 11:06:33 Command finished (exit unknown)
2026-08-02 11:06:33 Sending: echo "=== HELLO option complete ==="
2026-08-02 11:06:33 Command finished (exit unknown)
2026-08-02 11:06:43 Wrapper session ended (existing SSH/tmux session left running).
2026-08-02 11:10:44 Attached (read/inject mode) to existing session: remote1
2026-08-02 11:11:18 Sending: echo "=== HELLO option running against $TARGET_IP:$CHECK_PORT ==="
2026-08-02 11:11:18 Command finished (exit unknown)
2026-08-02 11:11:18 Sending: whoami
2026-08-02 11:11:18 Command finished (exit unknown)
2026-08-02 11:11:18 Sending: echo "The payload path is : $PAYLOAD_PATH"
2026-08-02 11:11:19 Command finished (exit unknown)
2026-08-02 11:11:31 Sending: echo "=== HELLO option running against $TARGET_IP:$CHECK_PORT ==="
2026-08-02 11:11:31 Command finished (exit unknown)
2026-08-02 11:11:31 Sending: whoami
2026-08-02 11:11:32 Command finished (exit unknown)
2026-08-02 11:11:32 Sending: echo "The payload path is : $PAYLOAD_PATH"
2026-08-02 11:11:32 Command finished (exit unknown)
2026-08-02 11:11:35 Wrapper session ended (existing SSH/tmux session left running).
2026-08-03 13:52:27 Attached (read/inject mode) to existing session: remote1
2026-08-03 13:52:38 Sending: echo "=== HELLO option running against $TARGET_IP:$CHECK_PORT ==="
2026-08-03 13:52:38 Command finished (exit unknown)
2026-08-03 13:52:38 Sending: whoami
2026-08-03 13:52:38 Command finished (exit unknown)
2026-08-03 13:52:38 Sending: echo "The payload path is : $PAYLOAD_PATH"
2026-08-03 13:52:38 Command finished (exit unknown)
2026-08-03 13:52:51 Wrapper session ended (existing SSH/tmux session left running).
